{
  "version": "1.5.0",
  "plugins_used": [
    {
      "name": "ArtifactoryDetector"
    },
    {
      "name": "AWSKeyDetector"
    },
    {
      "name": "AzureStorageKeyDetector"
    },
    {
      "name": "Base64HighEntropyString",
      "limit": 4.5
    },
    {
      "name": "BasicAuthDetector"
    },
    {
      "name": "CloudantDetector"
    },
    {
      "name": "DiscordBotTokenDetector"
    },
    {
      "name": "GitHubTokenDetector"
    },
    {
      "name": "GitLabTokenDetector"
    },
    {
      "name": "HexHighEntropyString",
      "limit": 3.0
    },
    {
      "name": "IbmCloudIamDetector"
    },
    {
      "name": "IbmCosHmacDetector"
    },
    {
      "name": "IPPublicDetector"
    },
    {
      "name": "JwtTokenDetector"
    },
    {
      "name": "KeywordDetector",
      "keyword_exclude": ""
    },
    {
      "name": "MailchimpDetector"
    },
    {
      "name": "NpmDetector"
    },
    {
      "name": "OpenAIDetector"
    },
    {
      "name": "PrivateKeyDetector"
    },
    {
      "name": "PypiTokenDetector"
    },
    {
      "name": "SendGridDetector"
    },
    {
      "name": "SlackDetector"
    },
    {
      "name": "SoftlayerDetector"
    },
    {
      "name": "SquareOAuthDetector"
    },
    {
      "name": "StripeDetector"
    },
    {
      "name": "TelegramBotTokenDetector"
    },
    {
      "name": "TwilioKeyDetector"
    }
  ],
  "filters_used": [
    {
      "path": "detect_secrets.filters.allowlist.is_line_allowlisted"
    },
    {
      "path": "detect_secrets.filters.common.is_baseline_file",
      "filename": ".secrets.baseline"
    },
    {
      "path": "detect_secrets.filters.common.is_ignored_due_to_verification_policies",
      "min_level": 2
    },
    {
      "path": "detect_secrets.filters.heuristic.is_indirect_reference"
    },
    {
      "path": "detect_secrets.filters.heuristic.is_likely_id_string"
    },
    {
      "path": "detect_secrets.filters.heuristic.is_lock_file"
    },
    {
      "path": "detect_secrets.filters.heuristic.is_not_alphanumeric_string"
    },
    {
      "path": "detect_secrets.filters.heuristic.is_potential_uuid"
    },
    {
      "path": "detect_secrets.filters.heuristic.is_prefixed_with_dollar_sign"
    },
    {
      "path": "detect_secrets.filters.heuristic.is_sequential_string"
    },
    {
      "path": "detect_secrets.filters.heuristic.is_swagger_file"
    },
    {
      "path": "detect_secrets.filters.heuristic.is_templated_secret"
    }
  ],
  "results": {
    "apps\\api\\tests\\db\\test_engine.py": [
      {
        "type": "Secret Keyword",
        "filename": "apps\\api\\tests\\db\\test_engine.py",
        "hashed_secret": "21d7544d7e00f967899fb116dc4db797ff1b8e0d",
        "is_verified": false,
        "line_number": 11
      },
      {
        "type": "Secret Keyword",
        "filename": "apps\\api\\tests\\db\\test_engine.py",
        "hashed_secret": "fd0d1680a428c65a10adcc5832d5bc147fb0f1b3",
        "is_verified": false,
        "line_number": 30
      },
      {
        "type": "Secret Keyword",
        "filename": "apps\\api\\tests\\db\\test_engine.py",
        "hashed_secret": "0f1e2402f77285468bb264484905a1b47f9a547d",
        "is_verified": false,
        "line_number": 43
      }
    ],
    "apps\\api\\tests\\db\\test_migrations.py": [
      {
        "type": "Secret Keyword",
        "filename": "apps\\api\\tests\\db\\test_migrations.py",
        "hashed_secret": "3126928f44296fe087f9b2938bc47f46b3fa2f6f",
        "is_verified": false,
        "line_number": 89
      },
      {
        "type": "Secret Keyword",
        "filename": "apps\\api\\tests\\db\\test_migrations.py",
        "hashed_secret": "4327e7fe8cac994a0c4bd898f3fbb136c6908d74",
        "is_verified": false,
        "line_number": 105
      }
    ],
    "apps\\api\\tests\\db\\test_readiness.py": [
      {
        "type": "Secret Keyword",
        "filename": "apps\\api\\tests\\db\\test_readiness.py",
        "hashed_secret": "fe1bae27cb7c1fb823f496f286e78f1d2ae87734",
        "is_verified": false,
        "line_number": 24
      },
      {
        "type": "Secret Keyword",
        "filename": "apps\\api\\tests\\db\\test_readiness.py",
        "hashed_secret": "e5e9fa1ba31ecd1ae84f75caaa474f3a663f05f4",
        "is_verified": false,
        "line_number": 31
      }
    ],
    "apps\\api\\tests\\db\\test_safety.py": [
      {
        "type": "Basic Auth Credentials",
        "filename": "apps\\api\\tests\\db\\test_safety.py",
        "hashed_secret": "0bdcbb491501e7342e346c98f32f1b5206dacbfe",
        "is_verified": false,
        "line_number": 9
      },
      {
        "type": "Basic Auth Credentials",
        "filename": "apps\\api\\tests\\db\\test_safety.py",
        "hashed_secret": "5baa61e4c9b93f3f0682250b6cf8331b7ee68fd8",
        "is_verified": false,
        "line_number": 24
      }
    ],
    "apps\\api\\tests\\platform\\test_errors_request_ids.py": [
      {
        "type": "Secret Keyword",
        "filename": "apps\\api\\tests\\platform\\test_errors_request_ids.py",
        "hashed_secret": "fe1bae27cb7c1fb823f496f286e78f1d2ae87734",
        "is_verified": false,
        "line_number": 25
      },
      {
        "type": "Basic Auth Credentials",
        "filename": "apps\\api\\tests\\platform\\test_errors_request_ids.py",
        "hashed_secret": "5baa61e4c9b93f3f0682250b6cf8331b7ee68fd8",
        "is_verified": false,
        "line_number": 28
      },
      {
        "type": "Secret Keyword",
        "filename": "apps\\api\\tests\\platform\\test_errors_request_ids.py",
        "hashed_secret": "e5e9fa1ba31ecd1ae84f75caaa474f3a663f05f4",
        "is_verified": false,
        "line_number": 32
      },
      {
        "type": "Basic Auth Credentials",
        "filename": "apps\\api\\tests\\platform\\test_errors_request_ids.py",
        "hashed_secret": "bdfa1c955b84a3ecd137ecf40957d82c9c8e892c",
        "is_verified": false,
        "line_number": 184
      },
      {
        "type": "Secret Keyword",
        "filename": "apps\\api\\tests\\platform\\test_errors_request_ids.py",
        "hashed_secret": "dbdab9be92cacdae6a97e8601332bfaa8545800f",
        "is_verified": false,
        "line_number": 255
      }
    ],
    "apps\\api\\tests\\platform\\test_idempotency_postgres.py": [
      {
        "type": "Secret Keyword",
        "filename": "apps\\api\\tests\\platform\\test_idempotency_postgres.py",
        "hashed_secret": "1ffe4908ab4b05825743ac785ed2480f070ba73c",
        "is_verified": false,
        "line_number": 43
      }
    ],
    "apps\\api\\tests\\platform\\test_idempotency_validation.py": [
      {
        "type": "Secret Keyword",
        "filename": "apps\\api\\tests\\platform\\test_idempotency_validation.py",
        "hashed_secret": "a0024f38f8cb1cd601fd5eda8748f9473923f03d",
        "is_verified": false,
        "line_number": 12
      }
    ],
    "apps\\api\\tests\\profiles\\test_routes.py": [
      {
        "type": "Secret Keyword",
        "filename": "apps\\api\\tests\\profiles\\test_routes.py",
        "hashed_secret": "f7bc4c0dbcc106ae382cbcf136fc356296185a68",
        "is_verified": false,
        "line_number": 34
      },
      {
        "type": "Basic Auth Credentials",
        "filename": "apps\\api\\tests\\profiles\\test_routes.py",
        "hashed_secret": "ce7501007f04a6529e650f1f1b3fc0586d1d94eb",
        "is_verified": false,
        "line_number": 37
      },
      {
        "type": "Secret Keyword",
        "filename": "apps\\api\\tests\\profiles\\test_routes.py",
        "hashed_secret": "e5e9fa1ba31ecd1ae84f75caaa474f3a663f05f4",
        "is_verified": false,
        "line_number": 41
      }
    ],
    "apps\\api\\tests\\security\\test_logging.py": [
      {
        "type": "Basic Auth Credentials",
        "filename": "apps\\api\\tests\\security\\test_logging.py",
        "hashed_secret": "9d4e1e23bd5b727046a9e3b4b7db57bd8d6ee684",
        "is_verified": false,
        "line_number": 181
      }
    ],
    "apps\\api\\tests\\test_config.py": [
      {
        "type": "Secret Keyword",
        "filename": "apps\\api\\tests\\test_config.py",
        "hashed_secret": "91944576251dbb9d963073d320d4730156e525ad",
        "is_verified": false,
        "line_number": 15
      },
      {
        "type": "Basic Auth Credentials",
        "filename": "apps\\api\\tests\\test_config.py",
        "hashed_secret": "e5e9fa1ba31ecd1ae84f75caaa474f3a663f05f4",
        "is_verified": false,
        "line_number": 18
      },
      {
        "type": "Secret Keyword",
        "filename": "apps\\api\\tests\\test_config.py",
        "hashed_secret": "935b0fe0b1232e79b3c8c891a71224bb796098dd",
        "is_verified": false,
        "line_number": 22
      },
      {
        "type": "Basic Auth Credentials",
        "filename": "apps\\api\\tests\\test_config.py",
        "hashed_secret": "5baa61e4c9b93f3f0682250b6cf8331b7ee68fd8",
        "is_verified": false,
        "line_number": 73
      },
      {
        "type": "Basic Auth Credentials",
        "filename": "apps\\api\\tests\\test_config.py",
        "hashed_secret": "3ed95a576877a29fad213662a7c2a147f673161f",
        "is_verified": false,
        "line_number": 99
      },
      {
        "type": "Secret Keyword",
        "filename": "apps\\api\\tests\\test_config.py",
        "hashed_secret": "1ded3053d0363079a4e681a3b700435d6d880290",
        "is_verified": false,
        "line_number": 174
      },
      {
        "type": "Secret Keyword",
        "filename": "apps\\api\\tests\\test_config.py",
        "hashed_secret": "54053db99b49b4cc046f7b4854a80de3d6dfae71",
        "is_verified": false,
        "line_number": 175
      },
      {
        "type": "Secret Keyword",
        "filename": "apps\\api\\tests\\test_config.py",
        "hashed_secret": "e1f2b0c490ff5a1730c354a617f9703f49108c07",
        "is_verified": false,
        "line_number": 201
      }
    ],
    "apps\\api\\tests\\test_health.py": [
      {
        "type": "Secret Keyword",
        "filename": "apps\\api\\tests\\test_health.py",
        "hashed_secret": "fe1bae27cb7c1fb823f496f286e78f1d2ae87734",
        "is_verified": false,
        "line_number": 21
      },
      {
        "type": "Basic Auth Credentials",
        "filename": "apps\\api\\tests\\test_health.py",
        "hashed_secret": "5baa61e4c9b93f3f0682250b6cf8331b7ee68fd8",
        "is_verified": false,
        "line_number": 24
      },
      {
        "type": "Secret Keyword",
        "filename": "apps\\api\\tests\\test_health.py",
        "hashed_secret": "e5e9fa1ba31ecd1ae84f75caaa474f3a663f05f4",
        "is_verified": false,
        "line_number": 28
      },
      {
        "type": "Basic Auth Credentials",
        "filename": "apps\\api\\tests\\test_health.py",
        "hashed_secret": "e5e9fa1ba31ecd1ae84f75caaa474f3a663f05f4",
        "is_verified": false,
        "line_number": 138
      }
    ],
    "database\\migrations\\versions\\0001_closed_beta_baseline.py": [
      {
        "type": "Hex High Entropy String",
        "filename": "database\\migrations\\versions\\0001_closed_beta_baseline.py",
        "hashed_secret": "3f3b250f5f8dfce3d2232c957c984760df63b7ce",
        "is_verified": false,
        "line_number": 25
      }
    ],
    "packages\\ui\\src\\brand-assets.test.ts": [
      {
        "type": "Hex High Entropy String",
        "filename": "packages\\ui\\src\\brand-assets.test.ts",
        "hashed_secret": "a97ffefb078b32f6272f13a0d9cafb139db78feb",
        "is_verified": false,
        "line_number": 30
      }
    ],
    "scripts\\brand\\generate-assets.mjs": [
      {
        "type": "Hex High Entropy String",
        "filename": "scripts\\brand\\generate-assets.mjs",
        "hashed_secret": "a97ffefb078b32f6272f13a0d9cafb139db78feb",
        "is_verified": false,
        "line_number": 18
      }
    ]
  },
  "generated_at": "2026-07-29T12:24:26Z"
}
